cargo :     Checking 
ironclaw v5.3.0 (C:\U
sers\x\Desktop\ironcl
aw-main)
At line:1 char:1
+ cargo check 2> 
build_errors.txt
+ ~~~~~~~~~~~~~~~~~~~
~~~~~~~~~~~~
    + CategoryInfo   
           : NotSpe  
  cified: (    Che   
 cking ir...\iron    
claw-main):Strin    
g) [], RemoteExc    
eption
    + FullyQualified 
   ErrorId : Native  
  CommandError
 
error[E0432]: 
unresolved import `cr
ate::history::Sandbox
JobRecord`
  --> src\tools\built
in\job.rs:19:5
   |
19 | use crate::histo
ry::SandboxJobRecord;
   |     ^^^^^^^^^^^^
^^^^^^^^^^^^^^^^^^^^ 
no 
`SandboxJobRecord` 
in `history`

error[E0433]: failed 
to resolve: could 
not find `routine` 
in `agent`
    --> src\channels\
web\server.rs:1926:23
     |
1926 |         crate:
:agent::routine::Rout
ineAction::Lightweigh
t { prompt, .. } => 
prompt.clone(),
     |               
        ^^^^^^^ 
could not find 
`routine` in `agent`

error[E0433]: failed 
to resolve: could 
not find `routine` 
in `agent`
    --> src\channels\
web\server.rs:1927:23
     |
1927 |         crate:
:agent::routine::Rout
ineAction::FullJob {
     |               
        ^^^^^^^ 
could not find 
`routine` in `agent`

error[E0433]: failed 
to resolve: could 
not find `routine` 
in `agent`
    --> src\channels\
web\server.rs:2059:38
     |
2059 | fn 
routine_to_info(r: &c
rate::agent::routine:
:Routine) -> 
RoutineInfo {
     |               
                     
  ^^^^^^^ could not 
find `routine` in 
`agent`

error[E0433]: failed 
to resolve: could 
not find `routine` 
in `agent`
    --> src\channels\
web\server.rs:2061:23
     |
2061 |         crate:
:agent::routine::Trig
ger::Cron { schedule 
} => {
     |               
        ^^^^^^^ 
could not find 
`routine` in `agent`

error[E0433]: failed 
to resolve: could 
not find `routine` 
in `agent`
    --> src\channels\
web\server.rs:2064:23
     |
2064 |         crate:
:agent::routine::Trig
ger::Event {
     |               
        ^^^^^^^ 
could not find 
`routine` in `agent`

error[E0433]: failed 
to resolve: could 
not find `routine` 
in `agent`
    --> src\channels\
web\server.rs:2070:23
     |
2070 |         crate:
:agent::routine::Trig
ger::Webhook { path, 
.. } => {
     |               
        ^^^^^^^ 
could not find 
`routine` in `agent`

error[E0433]: failed 
to resolve: could 
not find `routine` 
in `agent`
    --> src\channels\
web\server.rs:2074:23
     |
2074 |         crate:
:agent::routine::Trig
ger::Manual => ("manu
al".to_string(), 
"manual 
only".to_string()),
     |               
        ^^^^^^^ 
could not find 
`routine` in `agent`

error[E0433]: failed 
to resolve: could 
not find `routine` 
in `agent`
    --> src\channels\
web\server.rs:2078:23
     |
2078 |         crate:
:agent::routine::Rout
ineAction::Lightweigh
t { .. } => 
"lightweight",
     |               
        ^^^^^^^ 
could not find 
`routine` in `agent`

error[E0433]: failed 
to resolve: could 
not find `routine` 
in `agent`
    --> src\channels\
web\server.rs:2079:23
     |
2079 |         crate:
:agent::routine::Rout
ineAction::FullJob { 
.. } => "full_job",
     |               
        ^^^^^^^ 
could not find 
`routine` in `agent`

error[E0425]: cannot 
find type `Conversati
onMessage` in module 
`crate::history`
   --> src\channels\w
eb\server.rs:723:61
    |
723 | fn build_turns_
from_db_messages(mess
ages: &[crate::histor
y::ConversationMessag
e]) -> Vec<TurnInfo> 
{
    |                
                     
                     
   
^^^^^^^^^^^^^^^^^^^ 
not found in 
`crate::history`

error[E0422]: cannot 
find struct, variant 
or union type 
`SandboxJobRecord` 
in module 
`crate::history`
    --> src\channels\
web\server.rs:1273:34
     |
1273 |     let 
record = crate::histo
ry::SandboxJobRecord 
{
     |               
                   
^^^^^^^^^^^^^^^^ not 
found in 
`crate::history`

warning: unused 
import: `uuid::Uuid`
 --> 
src\worker\api.rs:2:5
  |
2 | use uuid::Uuid;
  |     ^^^^^^^^^^
  |
  = note: `#[warn(unu
sed_imports)]` (part 
of 
`#[warn(unused)]`) 
on by default

error[E0599]: no 
method named 
`active_model_name` 
found for reference 
`&Arc<dyn 
LlmProvider>` in the 
current scope
   --> src\channels\w
eb\openai_compat.rs:4
32:28
    |
432 |     let 
active_model = llm.ac
tive_model_name();
    |                
            
^^^^^^^^^^^^^^^^^
    |
help: there is a 
method `model_name` 
with a similar name
    |
432 -     let 
active_model = llm.ac
tive_model_name();
432 +     let 
active_model = 
llm.model_name();
    |

error[E0599]: no 
method named 
`active_model_name` 
found for reference 
`&Arc<dyn 
LlmProvider>` in the 
current scope
   --> src\channels\w
eb\openai_compat.rs:4
63:26
    |
463 |     let 
model_name = llm.acti
ve_model_name();
    |                
          
^^^^^^^^^^^^^^^^^
    |
help: there is a 
method `model_name` 
with a similar name
    |
463 -     let 
model_name = llm.acti
ve_model_name();
463 +     let 
model_name = 
llm.model_name();
    |

error[E0599]: no 
method named 
`active_model_name` 
found for struct 
`Arc<dyn 
LlmProvider>` in the 
current scope
   --> src\channels\w
eb\openai_compat.rs:5
73:26
    |
573 |     let 
model_name = llm.acti
ve_model_name();
    |                
          
^^^^^^^^^^^^^^^^^
    |
help: there is a 
method `model_name` 
with a similar name
    |
573 -     let 
model_name = llm.acti
ve_model_name();
573 +     let 
model_name = 
llm.model_name();
    |

error[E0599]: no 
method named 
`active_model_name` 
found for reference 
`&Arc<dyn 
LlmProvider>` in the 
current scope
   --> src\channels\w
eb\openai_compat.rs:8
03:26
    |
803 |     let 
model_name = llm.acti
ve_model_name();
    |                
          
^^^^^^^^^^^^^^^^^
    |
help: there is a 
method `model_name` 
with a similar name
    |
803 -     let 
model_name = llm.acti
ve_model_name();
803 +     let 
model_name = 
llm.model_name();
    |

error[E0599]: no 
method named `convers
ation_belongs_to_user
` found for 
reference `&Arc<(dyn 
Database + 
'static)>` in the 
current scope
   --> src\channels\w
eb\server.rs:633:14
    |
632 |           let 
owned = store
    |  ______________
_______-
633 | |             .
conversation_belongs_
to_user(thread_id, 
&state.user_id)
    | |             -
^^^^^^^^^^^^^^^^^^^^^
^^^^^^^ method not 
found in `&Arc<(dyn 
Database + 'static)>`
    | |_____________|
    |

error[E0282]: type 
annotations needed
   --> src\channels\w
eb\server.rs:632:21
    |
632 |           let 
owned = store
    |  ______________
_______^
633 | |             .
conversation_belongs_
to_user(thread_id, 
&state.user_id)
634 | |             
.await
    | 
|__________________^ 
cannot infer type

error[E0599]: no 
method named `list_co
nversation_messages_p
aginated` found for 
reference `&Arc<(dyn 
Database + 
'static)>` in the 
current scope
   --> src\channels\w
eb\server.rs:646:14
    |
645 |           let 
(messages, has_more) 
= store
    |  ______________
_____________________
_-
646 | |             .
list_conversation_mes
sages_paginated(threa
d_id, before_cursor, 
limit as i64)
    | |             -
^^^^^^^^^^^^^^^^^^^^^
^^^^^^^^^^^^^^^ 
method not found in 
`&Arc<(dyn Database 
+ 'static)>`
    | |_____________|
    |

error[E0282]: type 
annotations needed
   --> src\channels\w
eb\server.rs:645:36
    |
645 |           let 
(messages, has_more) 
= store
    |  ______________
_____________________
_^
646 | |             .
list_conversation_mes
sages_paginated(threa
d_id, before_cursor, 
limit as i64)
647 | |             
.await
    | 
|__________________^ 
cannot infer type

error[E0282]: type 
annotations needed
   --> src\channels\w
eb\server.rs:648:23
    |
648 |             
.map_err(|e| (StatusC
ode::INTERNAL_SERVER_
ERROR, 
e.to_string()))?;
    |                
       ^             
                     
    - type must be 
known at this point
    |
help: consider 
giving this closure 
parameter an 
explicit type
    |
648 |             
.map_err(|e: /* Type 
*/| (StatusCode::INTE
RNAL_SERVER_ERROR, 
e.to_string()))?;
    |                
        ++++++++++++

error[E0282]: type 
annotations needed
   --> src\channels\w
eb\server.rs:650:32
    |
650 |         let 
oldest_timestamp = me
ssages.first().map(|m
| m.created_at.to_rfc
3339());
    |                
                
^^^^^^^^ cannot 
infer type

error[E0599]: no 
method named `list_co
nversation_messages_p
aginated` found for 
reference `&Arc<(dyn 
Database + 
'static)>` in the 
current scope
   --> src\channels\w
eb\server.rs:697:14
    |
696 |           let 
(messages, has_more) 
= store
    |  ______________
_____________________
_-
697 | |             .
list_conversation_mes
sages_paginated(threa
d_id, None, limit as 
i64)
    | |             -
^^^^^^^^^^^^^^^^^^^^^
^^^^^^^^^^^^^^^ 
method not found in 
`&Arc<(dyn Database 
+ 'static)>`
    | |_____________|
    |

error[E0282]: type 
annotations needed
   --> src\channels\w
eb\server.rs:696:36
    |
696 |           let 
(messages, has_more) 
= store
    |  ______________
_____________________
_^
697 | |             .
list_conversation_mes
sages_paginated(threa
d_id, None, limit as 
i64)
698 | |             
.await
    | 
|__________________^ 
cannot infer type

error[E0282]: type 
annotations needed
   --> src\channels\w
eb\server.rs:699:23
    |
699 |             
.map_err(|e| (StatusC
ode::INTERNAL_SERVER_
ERROR, 
e.to_string()))?;
    |                
       ^             
                     
    - type must be 
known at this point
    |
help: consider 
giving this closure 
parameter an 
explicit type
    |
699 |             
.map_err(|e: /* Type 
*/| (StatusCode::INTE
RNAL_SERVER_ERROR, 
e.to_string()))?;
    |                
        ++++++++++++

error[E0282]: type 
annotations needed
   --> src\channels\w
eb\server.rs:701:13
    |
701 |         if 
!messages.is_empty() 
{
    |             
^^^^^^^^ cannot 
infer type

error[E0599]: no 
method named `get_or_
create_assistant_conv
ersation` found for 
reference `&Arc<(dyn 
Database + 
'static)>` in the 
current scope
   --> src\channels\w
eb\server.rs:777:14
    |
776 |           let 
assistant_id = store
    |  ______________
______________-
777 | |             .
get_or_create_assista
nt_conversation(&stat
e.user_id, "gateway")
    | |             -
^^^^^^^^^^^^^^^^^^^^^
^^^^^^^^^^^^^^^ 
method not found in 
`&Arc<(dyn Database 
+ 'static)>`
    | |_____________|
    |

error[E0282]: type 
annotations needed
   --> src\channels\w
eb\server.rs:776:28
    |
776 |           let 
assistant_id = store
    |  ______________
______________^
777 | |             .
get_or_create_assista
nt_conversation(&stat
e.user_id, "gateway")
778 | |             
.await
    | 
|__________________^ 
cannot infer type

error[E0282]: type 
annotations needed
   --> src\channels\w
eb\server.rs:779:23
    |
779 |             
.map_err(|e| (StatusC
ode::INTERNAL_SERVER_
ERROR, 
e.to_string()))?;
    |                
       ^             
                     
    - type must be 
known at this point
    |
help: consider 
giving this closure 
parameter an 
explicit type
    |
779 |             
.map_err(|e: /* Type 
*/| (StatusCode::INTE
RNAL_SERVER_ERROR, 
e.to_string()))?;
    |                
        ++++++++++++

error[E0599]: no 
method named `list_co
nversations_with_prev
iew` found for 
reference `&Arc<(dyn 
Database + 
'static)>` in the 
current scope
   --> src\channels\w
eb\server.rs:782:14
    |
781 |           if 
let Ok(summaries) = 
store
    |  ______________
__________________-
782 | |             .
list_conversations_wi
th_preview(&state.use
r_id, "gateway", 50)
    | |             -
^^^^^^^^^^^^^^^^^^^^^
^^^^^^^^^^ method 
not found in 
`&Arc<(dyn Database 
+ 'static)>`
    | |_____________|
    |

error[E0599]: no 
method named `ensure_
conversation` found 
for struct `Arc<dyn 
Database>` in the 
current scope
   --> src\channels\w
eb\server.rs:877:18
    |
876 |               
if let Err(e) = store
    |  ______________
_______________-
877 | |              
   .ensure_conversati
on(thread_id, 
"gateway", &user_id, 
None)
    | |              
   
-^^^^^^^^^^^^^^^^^^^ 
method not found in 
`Arc<dyn Database>`
    | 
|_________________|
    |

error[E0599]: no 
method named `update_
conversation_metadata
_field` found for 
struct `Arc<dyn 
Database>` in the 
current scope
   --> src\channels\w
eb\server.rs:884:18
    |
883 |               
if let Err(e) = store
    |  ______________
_______________-
884 | |              
   .update_conversati
on_metadata_field(thr
ead_id, 
"thread_type", 
&metadata_val)
    | |              
   -^^^^^^^^^^^^^^^^^
^^^^^^^^^^^^^^^^^ 
method not found in 
`Arc<dyn Database>`
    | 
|_________________|
    |

error[E0599]: no 
method named `list_sa
ndbox_jobs_for_user` 
found for reference 
`&Arc<dyn Database>` 
in the current scope
    --> src\channels\
web\server.rs:1067:10
     |
1066 |       let 
sandbox_jobs = store
     |  _____________
___________-
1067 | |         .lis
t_sandbox_jobs_for_us
er(&state.user_id)
     | |         -^^^
^^^^^^^^^^^^^^^^^^^^^
^^ method not found 
in `&Arc<dyn 
Database>`
     | |_________|
     |

error[E0282]: type 
annotations needed
    --> src\channels\
web\server.rs:1066:24
     |
1066 |       let 
sandbox_jobs = store
     |  _____________
___________^
1067 | |         .lis
t_sandbox_jobs_for_us
er(&state.user_id)
1068 | |         
.await
     | 
|______________^ 
cannot infer type

error[E0282]: type 
annotations needed
    --> src\channels\
web\server.rs:1069:19
     |
1069 |         
.map_err(|e| (StatusC
ode::INTERNAL_SERVER_
ERROR, 
e.to_string()))?;
     |               
    ^                
                     
 - type must be 
known at this point
     |
help: consider 
giving this closure 
parameter an 
explicit type
     |
1069 |         
.map_err(|e: /* Type 
*/| (StatusCode::INTE
RNAL_SERVER_ERROR, 
e.to_string()))?;
     |               
     ++++++++++++

error[E0282]: type 
annotations needed
    --> src\channels\
web\server.rs:1087:47
     |
1087 |               
  started_at: j.start
ed_at.map(|dt| 
dt.to_rfc3339()),
     |               
                     
           ^^  -- 
type must be known 
at this point
     |
help: consider 
giving this closure 
parameter an 
explicit type
     |
1087 |               
  started_at: j.start
ed_at.map(|dt: /* 
Type */| 
dt.to_rfc3339()),
     |               
                     
             
++++++++++++

error[E0599]: no 
method named `sandbox
_job_summary_for_user
` found for 
reference `&Arc<dyn 
Database>` in the 
current scope
    --> src\channels\
web\server.rs:1107:10
     |
1106 |       let s = 
store
     |  
_____________-
1107 | |         .san
dbox_job_summary_for_
user(&state.user_id)
     | |         -^^^
^^^^^^^^^^^^^^^^^^^^^
^^^^ method not 
found in `&Arc<dyn 
Database>`
     | |_________|
     |

error[E0282]: type 
annotations needed
    --> src\channels\
web\server.rs:1106:13
     |
1106 |       let s = 
store
     |  
_____________^
1107 | |         .san
dbox_job_summary_for_
user(&state.user_id)
1108 | |         
.await
     | 
|______________^ 
cannot infer type

error[E0282]: type 
annotations needed
    --> src\channels\
web\server.rs:1109:19
     |
1109 |         
.map_err(|e| (StatusC
ode::INTERNAL_SERVER_
ERROR, 
e.to_string()))?;
     |               
    ^                
                     
 - type must be 
known at this point
     |
help: consider 
giving this closure 
parameter an 
explicit type
     |
1109 |         
.map_err(|e: /* Type 
*/| (StatusCode::INTE
RNAL_SERVER_ERROR, 
e.to_string()))?;
     |               
     ++++++++++++

error[E0599]: no 
method named 
`get_sandbox_job` 
found for reference 
`&Arc<(dyn Database 
+ 'static)>` in the 
current scope
    --> src\channels\
web\server.rs:1130:38
     |
1130 |         && 
let Ok(Some(job)) = s
tore.get_sandbox_job(
job_id).await
     |               
                     
  ^^^^^^^^^^^^^^^ 
method not found in 
`&Arc<(dyn Database 
+ 'static)>`

error[E0282]: type 
annotations needed
    --> src\channels\
web\server.rs:1157:28
     |
1157 |               
  timestamp: 
started.to_rfc3339(),
     |               
             ^^^^^^^ 
cannot infer type

error[E0282]: type 
annotations needed
    --> src\channels\
web\server.rs:1165:28
     |
1165 |               
  timestamp: complete
d.to_rfc3339(),
     |               
             
^^^^^^^^^ cannot 
infer type

error[E0282]: type 
annotations needed
    --> src\channels\
web\server.rs:1177:45
     |
1177 |             
started_at: job.start
ed_at.map(|dt| 
dt.to_rfc3339()),
     |               
                     
         ^^  -- type 
must be known at 
this point
     |
help: consider 
giving this closure 
parameter an 
explicit type
     |
1177 |             
started_at: job.start
ed_at.map(|dt: /* 
Type */| 
dt.to_rfc3339()),
     |               
                     
           
++++++++++++

error[E0282]: type 
annotations needed
    --> src\channels\
web\server.rs:1178:49
     |
1178 |             
completed_at: job.com
pleted_at.map(|dt| 
dt.to_rfc3339()),
     |               
                     
             ^^  -- 
type must be known 
at this point
     |
help: consider 
giving this closure 
parameter an 
explicit type
     |
1178 |             
completed_at: job.com
pleted_at.map(|dt: 
/* Type */| 
dt.to_rfc3339()),
     |               
                     
               
++++++++++++

error[E0599]: no 
method named `get_san
dbox_job_mode` found 
for reference 
`&Arc<(dyn Database 
+ 'static)>` in the 
current scope
    --> src\channels\
web\server.rs:1183:34
     |
1183 |               
  let mode = store.ge
t_sandbox_job_mode(jo
b.id).await.ok().flat
ten();
     |               
                   
^^^^^^^^^^^^^^^^^^^^ 
method not found in 
`&Arc<(dyn Database 
+ 'static)>`

error[E0282]: type 
annotations needed
    --> src\channels\
web\server.rs:1183:28
     |
1183 |               
  let mode = store.ge
t_sandbox_job_mode(jo
b.id).await.ok().flat
ten();
     |               
             ^^^^^^^^
^^^^^^^^^^^^^^^^^^^^^
^^^^^^^^^^^ cannot 
infer type

error[E0599]: no 
method named 
`get_sandbox_job` 
found for reference 
`&Arc<(dyn Database 
+ 'static)>` in the 
current scope
    --> src\channels\
web\server.rs:1202:38
     |
1202 |         && 
let Ok(Some(job)) = s
tore.get_sandbox_job(
job_id).await
     |               
                     
  ^^^^^^^^^^^^^^^ 
method not found in 
`&Arc<(dyn Database 
+ 'static)>`

error[E0599]: no 
method named `update_
sandbox_job_status` 
found for reference 
`&Arc<(dyn Database 
+ 'static)>` in the 
current scope
    --> src\channels\
web\server.rs:1215:18
     |
1214 | /             
store
1215 | |             
    .update_sandbox_j
ob_status(
     | |             
    -^^^^^^^^^^^^^^^^
^^^^^^^^^ method not 
found in `&Arc<(dyn 
Database + 'static)>`
     | 
|_________________|
     |

error[E0282]: type 
annotations needed
    --> src\channels\
web\server.rs:1214:13
     |
1214 | /             
store
1215 | |             
    .update_sandbox_j
ob_status(
1216 | |             
        job_id,
1217 | |             
        "failed",
...    |
1223 | |             
    .await
     | |_____________
_________^ cannot 
infer type

error[E0282]: type 
annotations needed
    --> src\channels\
web\server.rs:1224:27
     |
1224 |               
  .map_err(|e| (Statu
sCode::INTERNAL_SERVE
R_ERROR, 
e.to_string()))?;
     |               
            ^        
                     
         - type must 
be known at this 
point
     |
help: consider 
giving this closure 
parameter an 
explicit type
     |
1224 |               
  .map_err(|e: /* 
Type */| (StatusCode:
:INTERNAL_SERVER_ERRO
R, e.to_string()))?;
     |               
             
++++++++++++

error[E0599]: no 
method named 
`get_sandbox_job` 
found for reference 
`&Arc<dyn Database>` 
in the current scope
    --> src\channels\
web\server.rs:1252:10
     |
1251 |       let 
old_job = store
     |  
___________________-
1252 | |         .get
_sandbox_job(old_job_
id)
     | |         
-^^^^^^^^^^^^^^^ 
method not found in 
`&Arc<dyn Database>`
     | |_________|
     |

error[E0282]: type 
annotations needed
    --> src\channels\
web\server.rs:1251:19
     |
1251 |       let 
old_job = store
     |  
___________________^
1252 | |         .get
_sandbox_job(old_job_
id)
1253 | |         
.await
     | 
|______________^ 
cannot infer type

error[E0282]: type 
annotations needed
    --> src\channels\
web\server.rs:1254:19
     |
1254 |         
.map_err(|e| (StatusC
ode::INTERNAL_SERVER_
ERROR, 
e.to_string()))?
     |               
    ^                
                     
 - type must be 
known at this point
     |
help: consider 
giving this closure 
parameter an 
explicit type
     |
1254 |         
.map_err(|e: /* Type 
*/| (StatusCode::INTE
RNAL_SERVER_ERROR, 
e.to_string()))?
     |               
     ++++++++++++

error[E0599]: no 
method named 
`save_sandbox_job` 
found for reference 
`&Arc<dyn Database>` 
in the current scope
    --> src\channels\
web\server.rs:1286:10
     |
1285 | /     store
1286 | |         .sav
e_sandbox_job(&record
)
     | |         
-^^^^^^^^^^^^^^^^ 
method not found in 
`&Arc<dyn Database>`
     | |_________|
     |

error[E0282]: type 
annotations needed
    --> src\channels\
web\server.rs:1285:5
     |
1285 | /     store
1286 | |         .sav
e_sandbox_job(&record
)
1287 | |         
.await
     | 
|______________^ 
cannot infer type

error[E0282]: type 
annotations needed
    --> src\channels\
web\server.rs:1288:19
     |
1288 |         
.map_err(|e| (StatusC
ode::INTERNAL_SERVER_
ERROR, 
e.to_string()))?;
     |               
    ^                
                     
 - type must be 
known at this point
     |
help: consider 
giving this closure 
parameter an 
explicit type
     |
1288 |         
.map_err(|e: /* Type 
*/| (StatusCode::INTE
RNAL_SERVER_ERROR, 
e.to_string()))?;
     |               
     ++++++++++++

error[E0599]: no 
method named `get_san
dbox_job_mode` found 
for reference 
`&Arc<dyn Database>` 
in the current scope
    --> src\channels\
web\server.rs:1291:28
     |
1291 |     let mode 
= match store.get_san
dbox_job_mode(old_job
_id).await {
     |               
             
^^^^^^^^^^^^^^^^^^^^ 
method not found in 
`&Arc<dyn Database>`

error[E0599]: no 
method named `update_
sandbox_job_status` 
found for reference 
`&Arc<dyn Database>` 
in the current scope
    --> src\channels\
web\server.rs:1308:10
     |
1307 | /     store
1308 | |         .upd
ate_sandbox_job_statu
s(new_job_id, 
"running", None, 
None, Some(now), 
None)
     | |         -^^^
^^^^^^^^^^^^^^^^^^^^^
^ method not found 
in `&Arc<dyn 
Database>`
     | |_________|
     |

error[E0282]: type 
annotations needed
    --> src\channels\
web\server.rs:1307:5
     |
1307 | /     store
1308 | |         .upd
ate_sandbox_job_statu
s(new_job_id, 
"running", None, 
None, Some(now), 
None)
1309 | |         
.await
     | 
|______________^ 
cannot infer type

error[E0282]: type 
annotations needed
    --> src\channels\
web\server.rs:1310:19
     |
1310 |         
.map_err(|e| (StatusC
ode::INTERNAL_SERVER_
ERROR, 
e.to_string()))?;
     |               
    ^                
                     
 - type must be 
known at this point
     |
help: consider 
giving this closure 
parameter an 
explicit type
     |
1310 |         
.map_err(|e: /* Type 
*/| (StatusCode::INTE
RNAL_SERVER_ERROR, 
e.to_string()))?;
     |               
     ++++++++++++

error[E0599]: no 
method named `sandbox
_job_belongs_to_user`
 found for reference 
`&Arc<(dyn Database 
+ 'static)>` in the 
current scope
    --> src\channels\
web\server.rs:1339:14
     |
1338 |           && 
!store
     |  
_____________-
1339 | |             
.sandbox_job_belongs_
to_user(job_id, 
&state.user_id)
     | |             
-^^^^^^^^^^^^^^^^^^^^
^^^^^^^ method not 
found in `&Arc<(dyn 
Database + 'static)>`
     | 
|_____________|
     |

error[E0282]: type 
annotations needed
    --> src\channels\
web\server.rs:1338:13
     |
1338 |           && 
!store
     |  
_____________^
1339 | |             
.sandbox_job_belongs_
to_user(job_id, 
&state.user_id)
1340 | |             
.await
     | 
|__________________^ 
cannot infer type

error[E0599]: no 
method named `sandbox
_job_belongs_to_user`
 found for reference 
`&Arc<dyn Database>` 
in the current scope
    --> src\channels\
web\server.rs:1386:10
     |
1385 |       if 
!store
     |  _________-
1386 | |         .san
dbox_job_belongs_to_u
ser(job_id, 
&state.user_id)
     | |         -^^^
^^^^^^^^^^^^^^^^^^^^^
^^^ method not found 
in `&Arc<dyn 
Database>`
     | |_________|
     |

error[E0282]: type 
annotations needed
    --> src\channels\
web\server.rs:1385:9
     |
1385 |       if 
!store
     |  _________^
1386 | |         .san
dbox_job_belongs_to_u
ser(job_id, 
&state.user_id)
1387 | |         
.await
     | 
|______________^ 
cannot infer type

error[E0599]: no 
method named 
`list_job_events` 
found for reference 
`&Arc<dyn Database>` 
in the current scope
    --> src\channels\
web\server.rs:1394:10
     |
1393 |       let 
events = store
     |  
__________________-
1394 | |         .lis
t_job_events(job_id)
     | |_________-^^^
^^^^^^^^^^^^
     |
help: there is a 
method 
`save_job_event` 
with a similar name, 
but with different 
arguments
    --> 
src\db\mod.rs:9:5
     |
   9 | /     async 
fn save_job_event(
  10 | |         
&self,
  11 | |         
job_id: Uuid,
  12 | |         
event_type: &str,
  13 | |         
data: 
&serde_json::Value,
  14 | |     ) -> 
Result<(), 
DatabaseError>;
     | |_____________
_____________________
_^

error[E0282]: type 
annotations needed
    --> src\channels\
web\server.rs:1393:18
     |
1393 |       let 
events = store
     |  
__________________^
1394 | |         .lis
t_job_events(job_id)
1395 | |         
.await
     | 
|______________^ 
cannot infer type

error[E0282]: type 
annotations needed
    --> src\channels\
web\server.rs:1396:19
     |
1396 |         
.map_err(|e| (StatusC
ode::INTERNAL_SERVER_
ERROR, 
e.to_string()))?;
     |               
    ^                
                     
 - type must be 
known at this point
     |
help: consider 
giving this closure 
parameter an 
explicit type
     |
1396 |         
.map_err(|e: /* Type 
*/| (StatusCode::INTE
RNAL_SERVER_ERROR, 
e.to_string()))?;
     |               
     ++++++++++++

error[E0599]: no 
method named 
`get_sandbox_job` 
found for reference 
`&Arc<dyn Database>` 
in the current scope
    --> src\channels\
web\server.rs:1437:10
     |
1436 |       let job 
= store
     |  
_______________-
1437 | |         .get
_sandbox_job(job_id)
     | |         
-^^^^^^^^^^^^^^^ 
method not found in 
`&Arc<dyn Database>`
     | |_________|
     |

error[E0282]: type 
annotations needed
    --> src\channels\
web\server.rs:1436:15
     |
1436 |       let job 
= store
     |  
_______________^
1437 | |         .get
_sandbox_job(job_id)
1438 | |         
.await
     | 
|______________^ 
cannot infer type

error[E0282]: type 
annotations needed
    --> src\channels\
web\server.rs:1439:19
     |
1439 |         
.map_err(|e| (StatusC
ode::INTERNAL_SERVER_
ERROR, 
e.to_string()))?
     |               
    ^                
                     
 - type must be 
known at this point
     |
help: consider 
giving this closure 
parameter an 
explicit type
     |
1439 |         
.map_err(|e: /* Type 
*/| (StatusCode::INTE
RNAL_SERVER_ERROR, 
e.to_string()))?
     |               
     ++++++++++++

error[E0599]: no 
method named 
`get_sandbox_job` 
found for reference 
`&Arc<dyn Database>` 
in the current scope
    --> src\channels\
web\server.rs:1505:10
     |
1504 |       let job 
= store
     |  
_______________-
1505 | |         .get
_sandbox_job(job_id)
     | |         
-^^^^^^^^^^^^^^^ 
method not found in 
`&Arc<dyn Database>`
     | |_________|
     |

error[E0282]: type 
annotations needed
    --> src\channels\
web\server.rs:1504:15
     |
1504 |       let job 
= store
     |  
_______________^
1505 | |         .get
_sandbox_job(job_id)
1506 | |         
.await
     | 
|______________^ 
cannot infer type

error[E0282]: type 
annotations needed
    --> src\channels\
web\server.rs:1507:19
     |
1507 |         
.map_err(|e| (StatusC
ode::INTERNAL_SERVER_
ERROR, 
e.to_string()))?
     |               
    ^                
                     
 - type must be 
known at this point
     |
help: consider 
giving this closure 
parameter an 
explicit type
     |
1507 |         
.map_err(|e: /* Type 
*/| (StatusCode::INTE
RNAL_SERVER_ERROR, 
e.to_string()))?
     |               
     ++++++++++++

error[E0599]: no 
method named 
`list_routines` 
found for reference 
`&Arc<dyn Database>` 
in the current scope
    --> src\channels\
web\server.rs:1800:10
     |
1799 |       let 
routines = store
     |  
____________________-
1800 | |         .lis
t_routines(&state.use
r_id)
     | |         
-^^^^^^^^^^^^^ 
method not found in 
`&Arc<dyn Database>`
     | |_________|
     |

error[E0282]: type 
annotations needed
    --> src\channels\
web\server.rs:1799:20
     |
1799 |       let 
routines = store
     |  
____________________^
1800 | |         .lis
t_routines(&state.use
r_id)
1801 | |         
.await
     | 
|______________^ 
cannot infer type

error[E0282]: type 
annotations needed
    --> src\channels\
web\server.rs:1802:19
     |
1802 |         
.map_err(|e| (StatusC
ode::INTERNAL_SERVER_
ERROR, 
e.to_string()))?;
     |               
    ^                
                     
 - type must be 
known at this point
     |
help: consider 
giving this closure 
parameter an 
explicit type
     |
1802 |         
.map_err(|e: /* Type 
*/| (StatusCode::INTE
RNAL_SERVER_ERROR, 
e.to_string()))?;
     |               
     ++++++++++++

error[E0599]: no 
method named 
`list_routines` 
found for reference 
`&Arc<dyn Database>` 
in the current scope
    --> src\channels\
web\server.rs:1818:10
     |
1817 |       let 
routines = store
     |  
____________________-
1818 | |         .lis
t_routines(&state.use
r_id)
     | |         
-^^^^^^^^^^^^^ 
method not found in 
`&Arc<dyn Database>`
     | |_________|
     |

error[E0282]: type 
annotations needed
    --> src\channels\
web\server.rs:1817:20
     |
1817 |       let 
routines = store
     |  
____________________^
1818 | |         .lis
t_routines(&state.use
r_id)
1819 | |         
.await
     | 
|______________^ 
cannot infer type

error[E0282]: type 
annotations needed
    --> src\channels\
web\server.rs:1820:19
     |
1820 |         
.map_err(|e| (StatusC
ode::INTERNAL_SERVER_
ERROR, 
e.to_string()))?;
     |               
    ^                
                     
 - type must be 
known at this point
     |
help: consider 
giving this closure 
parameter an 
explicit type
     |
1820 |         
.map_err(|e: /* Type 
*/| (StatusCode::INTE
RNAL_SERVER_ERROR, 
e.to_string()))?;
     |               
     ++++++++++++

error[E0599]: no 
method named 
`get_routine` found 
for reference 
`&Arc<dyn Database>` 
in the current scope
    --> src\channels\
web\server.rs:1865:10
     |
1864 |       let 
routine = store
     |  
___________________-
1865 | |         .get
_routine(routine_id)
     | |         
-^^^^^^^^^^^ method 
not found in 
`&Arc<dyn Database>`
     | |_________|
     |

error[E0282]: type 
annotations needed
    --> src\channels\
web\server.rs:1864:19
     |
1864 |       let 
routine = store
     |  
___________________^
1865 | |         .get
_routine(routine_id)
1866 | |         
.await
     | 
|______________^ 
cannot infer type

error[E0282]: type 
annotations needed
    --> src\channels\
web\server.rs:1867:19
     |
1867 |         
.map_err(|e| (StatusC
ode::INTERNAL_SERVER_
ERROR, 
e.to_string()))?
     |               
    ^                
                     
 - type must be 
known at this point
     |
help: consider 
giving this closure 
parameter an 
explicit type
     |
1867 |         
.map_err(|e: /* Type 
*/| (StatusCode::INTE
RNAL_SERVER_ERROR, 
e.to_string()))?
     |               
     ++++++++++++

error[E0599]: no 
method named 
`list_routine_runs` 
found for reference 
`&Arc<dyn Database>` 
in the current scope
    --> src\channels\
web\server.rs:1871:10
     |
1870 |       let 
runs = store
     |  
________________-
1871 | |         .lis
t_routine_runs(routin
e_id, 20)
     | |         
-^^^^^^^^^^^^^^^^^ 
method not found in 
`&Arc<dyn Database>`
     | |_________|
     |

error[E0282]: type 
annotations needed
    --> src\channels\
web\server.rs:1870:16
     |
1870 |       let 
runs = store
     |  
________________^
1871 | |         .lis
t_routine_runs(routin
e_id, 20)
1872 | |         
.await
     | 
|______________^ 
cannot infer type

error[E0282]: type 
annotations needed
    --> src\channels\
web\server.rs:1873:19
     |
1873 |         
.map_err(|e| (StatusC
ode::INTERNAL_SERVER_
ERROR, 
e.to_string()))?;
     |               
    ^                
                     
 - type must be 
known at this point
     |
help: consider 
giving this closure 
parameter an 
explicit type
     |
1873 |         
.map_err(|e: /* Type 
*/| (StatusCode::INTE
RNAL_SERVER_ERROR, 
e.to_string()))?;
     |               
     ++++++++++++

error[E0282]: type 
annotations needed
    --> src\channels\
web\server.rs:1881:49
     |
1881 |             
completed_at: run.com
pleted_at.map(|dt| 
dt.to_rfc3339()),
     |               
                     
             ^^  -- 
type must be known 
at this point
     |
help: consider 
giving this closure 
parameter an 
explicit type
     |
1881 |             
completed_at: run.com
pleted_at.map(|dt: 
/* Type */| 
dt.to_rfc3339()),
     |               
                     
               
++++++++++++

error[E0282]: type 
annotations needed
    --> src\channels\
web\server.rs:1897:47
     |
1897 |         
last_run_at: routine.
last_run_at.map(|dt| 
dt.to_rfc3339()),
     |               
                     
           ^^  -- 
type must be known 
at this point
     |
help: consider 
giving this closure 
parameter an 
explicit type
     |
1897 |         
last_run_at: routine.
last_run_at.map(|dt: 
/* Type */| 
dt.to_rfc3339()),
     |               
                     
             
++++++++++++

error[E0282]: type 
annotations needed
    --> src\channels\
web\server.rs:1898:49
     |
1898 |         
next_fire_at: routine
.next_fire_at.map(|dt
| dt.to_rfc3339()),
     |               
                     
             ^^  -- 
type must be known 
at this point
     |
help: consider 
giving this closure 
parameter an 
explicit type
     |
1898 |         
next_fire_at: routine
.next_fire_at.map(|dt
: /* Type */| 
dt.to_rfc3339()),
     |               
                     
               
++++++++++++

error[E0599]: no 
method named 
`get_routine` found 
for reference 
`&Arc<dyn Database>` 
in the current scope
    --> src\channels\
web\server.rs:1919:10
     |
1918 |       let 
routine = store
     |  
___________________-
1919 | |         .get
_routine(routine_id)
     | |         
-^^^^^^^^^^^ method 
not found in 
`&Arc<dyn Database>`
     | |_________|
     |

error[E0282]: type 
annotations needed
    --> src\channels\
web\server.rs:1918:19
     |
1918 |       let 
routine = store
     |  
___________________^
1919 | |         .get
_routine(routine_id)
1920 | |         
.await
     | 
|______________^ 
cannot infer type

error[E0282]: type 
annotations needed
    --> src\channels\
web\server.rs:1921:19
     |
1921 |         
.map_err(|e| (StatusC
ode::INTERNAL_SERVER_
ERROR, 
e.to_string()))?
     |               
    ^                
                     
 - type must be 
known at this point
     |
help: consider 
giving this closure 
parameter an 
explicit type
     |
1921 |         
.map_err(|e: /* Type 
*/| (StatusCode::INTE
RNAL_SERVER_ERROR, 
e.to_string()))?
     |               
     ++++++++++++

error[E0599]: no 
method named 
`get_routine` found 
for reference 
`&Arc<dyn Database>` 
in the current scope
    --> src\channels\
web\server.rs:1973:10
     |
1972 |       let mut 
routine = store
     |  _____________
__________-
1973 | |         .get
_routine(routine_id)
     | |         
-^^^^^^^^^^^ method 
not found in 
`&Arc<dyn Database>`
     | |_________|
     |

error[E0282]: type 
annotations needed
    --> src\channels\
web\server.rs:1972:23
     |
1972 |       let mut 
routine = store
     |  _____________
__________^
1973 | |         .get
_routine(routine_id)
1974 | |         
.await
     | 
|______________^ 
cannot infer type

error[E0282]: type 
annotations needed
    --> src\channels\
web\server.rs:1975:19
     |
1975 |         
.map_err(|e| (StatusC
ode::INTERNAL_SERVER_
ERROR, 
e.to_string()))?
     |               
    ^                
                     
 - type must be 
known at this point
     |
help: consider 
giving this closure 
parameter an 
explicit type
     |
1975 |         
.map_err(|e: /* Type 
*/| (StatusCode::INTE
RNAL_SERVER_ERROR, 
e.to_string()))?
     |               
     ++++++++++++

error[E0599]: no 
method named 
`update_routine` 
found for reference 
`&Arc<dyn Database>` 
in the current scope
    --> src\channels\
web\server.rs:1985:10
     |
1984 | /     store
1985 | |         .upd
ate_routine(&routine)
     | |         
-^^^^^^^^^^^^^^ 
method not found in 
`&Arc<dyn Database>`
     | |_________|
     |

error[E0282]: type 
annotations needed
    --> src\channels\
web\server.rs:1984:5
     |
1984 | /     store
1985 | |         .upd
ate_routine(&routine)
1986 | |         
.await
     | 
|______________^ 
cannot infer type

error[E0282]: type 
annotations needed
    --> src\channels\
web\server.rs:1987:19
     |
1987 |         
.map_err(|e| (StatusC
ode::INTERNAL_SERVER_
ERROR, 
e.to_string()))?;
     |               
    ^                
                     
 - type must be 
known at this point
     |
help: consider 
giving this closure 
parameter an 
explicit type
     |
1987 |         
.map_err(|e: /* Type 
*/| (StatusCode::INTE
RNAL_SERVER_ERROR, 
e.to_string()))?;
     |               
     ++++++++++++

error[E0599]: no 
method named 
`delete_routine` 
found for reference 
`&Arc<dyn Database>` 
in the current scope
    --> src\channels\
web\server.rs:2008:10
     |
2007 |       let 
deleted = store
     |  
___________________-
2008 | |         .del
ete_routine(routine_i
d)
     | |         
-^^^^^^^^^^^^^^ 
method not found in 
`&Arc<dyn Database>`
     | |_________|
     |

error[E0282]: type 
annotations needed
    --> src\channels\
web\server.rs:2007:19
     |
2007 |       let 
deleted = store
     |  
___________________^
2008 | |         .del
ete_routine(routine_i
d)
2009 | |         
.await
     | 
|______________^ 
cannot infer type

error[E0282]: type 
annotations needed
    --> src\channels\
web\server.rs:2010:19
     |
2010 |         
.map_err(|e| (StatusC
ode::INTERNAL_SERVER_
ERROR, 
e.to_string()))?;
     |               
    ^                
                     
 - type must be 
known at this point
     |
help: consider 
giving this closure 
parameter an 
explicit type
     |
2010 |         
.map_err(|e: /* Type 
*/| (StatusCode::INTE
RNAL_SERVER_ERROR, 
e.to_string()))?;
     |               
     ++++++++++++

error[E0599]: no 
method named 
`list_routine_runs` 
found for reference 
`&Arc<dyn Database>` 
in the current scope
    --> src\channels\
web\server.rs:2035:10
     |
2034 |       let 
runs = store
     |  
________________-
2035 | |         .lis
t_routine_runs(routin
e_id, 50)
     | |         
-^^^^^^^^^^^^^^^^^ 
method not found in 
`&Arc<dyn Database>`
     | |_________|
     |

error[E0282]: type 
annotations needed
    --> src\channels\
web\server.rs:2034:16
     |
2034 |       let 
runs = store
     |  
________________^
2035 | |         .lis
t_routine_runs(routin
e_id, 50)
2036 | |         
.await
     | 
|______________^ 
cannot infer type

error[E0282]: type 
annotations needed
    --> src\channels\
web\server.rs:2037:19
     |
2037 |         
.map_err(|e| (StatusC
ode::INTERNAL_SERVER_
ERROR, 
e.to_string()))?;
     |               
    ^                
                     
 - type must be 
known at this point
     |
help: consider 
giving this closure 
parameter an 
explicit type
     |
2037 |         
.map_err(|e: /* Type 
*/| (StatusCode::INTE
RNAL_SERVER_ERROR, 
e.to_string()))?;
     |               
     ++++++++++++

error[E0282]: type 
annotations needed
    --> src\channels\
web\server.rs:2045:49
     |
2045 |             
completed_at: run.com
pleted_at.map(|dt| 
dt.to_rfc3339()),
     |               
                     
             ^^  -- 
type must be known 
at this point
     |
help: consider 
giving this closure 
parameter an 
explicit type
     |
2045 |             
completed_at: run.com
pleted_at.map(|dt: 
/* Type */| 
dt.to_rfc3339()),
     |               
                     
               
++++++++++++

error[E0599]: no 
method named 
`list_settings` 
found for reference 
`&Arc<dyn Database>` 
in the current scope
    --> src\channels\
web\server.rs:2115:22
     |
2115 |     let rows 
= store.list_settings
(&state.user_id).awai
t.map_err(|e| {
     |               
       ^^^^^^^^^^^^^ 
method not found in 
`&Arc<dyn Database>`

error[E0282]: type 
annotations needed
    --> src\channels\
web\server.rs:2115:16
     |
2115 |     let rows 
= store.list_settings
(&state.user_id).awai
t.map_err(|e| {
     |               
 ^^^^^^^^^^^^^^^^^^^^
^^^^^^^^^^^^^^^^^^^^^
 cannot infer type

error[E0599]: no 
method named 
`get_all_settings` 
found for reference 
`&Arc<dyn Database>` 
in the current scope
    --> src\channels\
web\server.rs:2202:26
     |
2202 |     let 
settings = store.get_
all_settings(&state.u
ser_id).await.map_err
(|e| {
     |               
           
^^^^^^^^^^^^^^^^ 
method not found in 
`&Arc<dyn Database>`

error[E0282]: type 
annotations needed
    --> src\channels\
web\server.rs:2202:20
     |
2202 |     let 
settings = store.get_
all_settings(&state.u
ser_id).await.map_err
(|e| {
     |               
     ^^^^^^^^^^^^^^^^
^^^^^^^^^^^^^^^^^^^^^
^^^^^^^ cannot infer 
type

error[E0599]: no 
method named 
`set_all_settings` 
found for reference 
`&Arc<dyn Database>` 
in the current scope
    --> src\channels\
web\server.rs:2219:10
     |
2218 | /     store
2219 | |         .set
_all_settings(&state.
user_id, 
&body.settings)
     | |         
-^^^^^^^^^^^^^^^^ 
method not found in 
`&Arc<dyn Database>`
     | |_________|
     |

error[E0282]: type 
annotations needed
    --> src\channels\
web\server.rs:2218:5
     |
2218 | /     store
2219 | |         .set
_all_settings(&state.
user_id, 
&body.settings)
2220 | |         
.await
     | 
|______________^ 
cannot infer type

error[E0599]: no 
method named 
`get_setting_full` 
found for reference 
`&Arc<dyn Database>` 
in the current scope
    --> src\channels\
web\server.rs:2141:10
     |
2140 |       let row 
= store
     |  
_______________-
2141 | |         .get
_setting_full(&state.
user_id, &key)
     | |         
-^^^^^^^^^^^^^^^^ 
method not found in 
`&Arc<dyn Database>`
     | |_________|
     |

error[E0282]: type 
annotations needed
    --> src\channels\
web\server.rs:2140:15
     |
2140 |       let row 
= store
     |  
_______________^
2141 | |         .get
_setting_full(&state.
user_id, &key)
2142 | |         
.await
     | 
|______________^ 
cannot infer type

error[E0599]: no 
method named 
`set_setting` found 
for reference 
`&Arc<dyn Database>` 
in the current scope
    --> src\channels\
web\server.rs:2166:10
     |
2165 | /     store
2166 | |         .set
_setting(&state.user_
id, &key, 
&body.value)
     | |         
-^^^^^^^^^^^ method 
not found in 
`&Arc<dyn Database>`
     | |_________|
     |

error[E0282]: type 
annotations needed
    --> src\channels\
web\server.rs:2165:5
     |
2165 | /     store
2166 | |         .set
_setting(&state.user_
id, &key, 
&body.value)
2167 | |         
.await
     | 
|______________^ 
cannot infer type

error[E0599]: no 
method named 
`delete_setting` 
found for reference 
`&Arc<dyn Database>` 
in the current scope
    --> src\channels\
web\server.rs:2185:10
     |
2184 | /     store
2185 | |         .del
ete_setting(&state.us
er_id, &key)
     | |         
-^^^^^^^^^^^^^^ 
method not found in 
`&Arc<dyn Database>`
     | |_________|
     |

error[E0282]: type 
annotations needed
    --> src\channels\
web\server.rs:2184:5
     |
2184 | /     store
2185 | |         .del
ete_setting(&state.us
er_id, &key)
2186 | |         
.await
     | 
|______________^ 
cannot infer type

error[E0063]: 
missing field 
`thread_id` in 
initializer of `web::
types::SseEvent`
   --> src\orchestrat
or\api.rs:265:23
    |
265 |         
"tool_use" => SseEven
t::ToolStarted {
    |                
       ^^^^^^^^^^^^^^
^^^^^^^ missing 
`thread_id`

error[E0063]: 
missing field 
`thread_id` in 
initializer of `web::
types::SseEvent`
   --> src\orchestrat
or\api.rs:273:26
    |
273 |         
"tool_result" => 
SseEvent::ToolResult 
{
    |                
          
^^^^^^^^^^^^^^^^^^^^ 
missing `thread_id`

error[E0063]: 
missing field 
`thread_id` in 
initializer of `web::
types::SseEvent`
   --> src\orchestrat
or\api.rs:287:21
    |
287 |         
"result" => 
SseEvent::Status {
    |                
     
^^^^^^^^^^^^^^^^ 
missing `thread_id`

error[E0063]: 
missing field 
`thread_id` in 
initializer of `web::
types::SseEvent`
   --> src\orchestrat
or\api.rs:297:14
    |
297 |         _ => 
SseEvent::Status {
    |              
^^^^^^^^^^^^^^^^ 
missing `thread_id`

error[E0063]: 
missing field 
`thought_signature` 
in initializer of 
`ToolCall`
   --> src\channels\w
eb\openai_compat.rs:2
27:39
    |
227 | ...            
       .map(|tc| 
ToolCall {
    |                
                 
^^^^^^^^ missing 
`thought_signature`

error[E0277]: the 
trait bound `std::str
ing::String: From<std
::option::Option<std:
:string::String>>` 
is not satisfied
   --> src\channels\w
eb\openai_compat.rs:2
35:29
    |
234 |                
         Ok(ChatMessa
ge::assistant_with_to
ol_calls(
    |                
            ---------
---------------------
-------- required by 
a bound introduced 
by this call
235 |                
             
m.content.clone(),
    |                
             
^^^^^^^^^^^^^^^^^ 
the trait `From<std::
option::Option<std::s
tring::String>>` is 
not implemented for 
`std::string::String`
    |
    = help: the 
following other 
types implement 
trait `From<T>`:
              `std::s
tring::String` 
implements 
`From<&TableBuilder>`
              `std::s
tring::String` 
implements 
`From<&mut str>`
              `std::s
tring::String` 
implements `From<&std
::string::String>`
              `std::s
tring::String` 
implements 
`From<&str>`
              `std::s
tring::String` 
implements 
`From<Box<str>>`
              `std::s
tring::String` 
implements 
`From<Cow<'_, str>>`
              `std::s
tring::String` 
implements 
`From<char>`
              `std::s
tring::String` 
implements 
`From<clap::Id>`
            and 17 
others
    = note: required 
for `std::option::Opt
ion<std::string::Stri
ng>` to implement `In
to<std::string::Strin
g>`
note: required by a 
bound in `ChatMessage
::assistant_with_tool
_calls`
   --> src\llm\provid
er.rs:82:23
    |
 81 |     pub fn assi
stant_with_tool_calls
(
    |            ----
---------------------
 required by a bound 
in this associated 
function
 82 |         
content: impl 
Into<String>,
    |                
       ^^^^^^^^^^^^ 
required by this 
bound in `ChatMessage
::assistant_with_tool
_calls`
help: consider 
removing this method 
call, as the 
receiver has type `st
d::option::Option<std
::string::String>` 
and `std::option::Opt
ion<std::string::Stri
ng>: From<std::option
::Option<std::string:
:String>>` trivially 
holds
    |
235 -                
             
m.content.clone(),
235 +                
             
m.content,
    |

error[E0063]: 
missing field 
`thought` in 
initializer of 
`ChatMessage`
   --> src\channels\w
eb\openai_compat.rs:2
42:25
    |
242 |                
 _ => Ok(ChatMessage 
{
    |                
         ^^^^^^^^^^^ 
missing `thought`

error[E0282]: type 
annotations needed
    --> src\channels\
web\server.rs:2098:41
     |
2098 |         
last_run_at: r.last_r
un_at.map(|dt| 
dt.to_rfc3339()),
     |               
                     
     ^^  -- type 
must be known at 
this point
     |
help: consider 
giving this closure 
parameter an 
explicit type
     |
2098 |         
last_run_at: r.last_r
un_at.map(|dt: /* 
Type */| 
dt.to_rfc3339()),
     |               
                     
       ++++++++++++

error[E0282]: type 
annotations needed
    --> src\channels\
web\server.rs:2099:43
     |
2099 |         
next_fire_at: r.next_
fire_at.map(|dt| 
dt.to_rfc3339()),
     |               
                     
       ^^  -- type 
must be known at 
this point
     |
help: consider 
giving this closure 
parameter an 
explicit type
     |
2099 |         
next_fire_at: r.next_
fire_at.map(|dt: /* 
Type */| 
dt.to_rfc3339()),
     |               
                     
         ++++++++++++

error[E0599]: no 
method named 
`save_sandbox_job` 
found for struct 
`Arc<dyn Database>` 
in the current scope
  --> src\tools\built
in\job.rs:62:39
   |
62 |                 
if let Err(e) = store
.save_sandbox_job(&re
cord).await {
   |                 
                     
 ^^^^^^^^^^^^^^^^ 
method not found in 
`Arc<dyn Database>`

error[E0599]: no 
method named `update_
sandbox_job_status` 
found for struct 
`Arc<dyn Database>` 
in the current scope
  --> src\tools\built
in\job.rs:83:22
   |
82 |                 
  if let Err(e) = 
store
   |  _______________
__________________-
83 | |               
      .update_sandbox
_job_status(
   | |               
      -^^^^^^^^^^^^^^
^^^^^^^^^^^ method 
not found in 
`Arc<dyn Database>`
   | |_______________
______|
   |

error[E0004]: 
non-exhaustive 
patterns: `channels::
channel::StatusUpdate
::JobStarted { .. 
}`, `channels::channe
l::StatusUpdate::Auth
Required { .. }` and 
`channels::channel::S
tatusUpdate::AuthComp
leted { .. }` not 
covered
   --> src\channels\r
epl.rs:387:15
    |
387 |         match 
status {
    |               
^^^^^^ patterns `chan
nels::channel::Status
Update::JobStarted { 
.. }`, `channels::cha
nnel::StatusUpdate::A
uthRequired { .. }` 
and `channels::channe
l::StatusUpdate::Auth
Completed { .. }` 
not covered
    |
note: `channels::chan
nel::StatusUpdate` 
defined here
   --> src\channels\c
hannel.rs:104:10
    |
104 | pub enum 
StatusUpdate {
    |          
^^^^^^^^^^^^
...
118 |     JobStarted 
{
    |     ---------- 
not covered
...
131 |     
AuthRequired {
    |     
------------ not 
covered
...
138 |     
AuthCompleted {
    |     
------------- not 
covered
    = note: the 
matched value is of 
type `channels::chann
el::StatusUpdate`
help: ensure that 
all possible cases 
are being handled by 
adding a match arm 
with a wildcard 
pattern, a match arm 
with multiple 
or-patterns as 
shown, or multiple 
match arms
    |
474 ~             },
475 +             cha
nnels::channel::Statu
sUpdate::JobStarted 
{ .. } | channels::ch
annel::StatusUpdate::
AuthRequired { .. } 
| channels::channel::
StatusUpdate::AuthCom
pleted { .. } => 
todo!()
    |

error[E0004]: 
non-exhaustive 
patterns: `&channels:
:channel::StatusUpdat
e::JobStarted { .. 
}`, `&channels::chann
el::StatusUpdate::Aut
hRequired { .. }` 
and `&channels::chann
el::StatusUpdate::Aut
hCompleted { .. }` 
not covered
    --> src\channels\
wasm\wrapper.rs:1813:
11
     |
1813 |     match 
status {
     |           
^^^^^^ patterns `&cha
nnels::channel::Statu
sUpdate::JobStarted 
{ .. }`, `&channels::
channel::StatusUpdate
::AuthRequired { .. 
}` and `&channels::ch
annel::StatusUpdate::
AuthCompleted { .. 
}` not covered
     |
note: `channels::chan
nel::StatusUpdate` 
defined here
    --> src\channels\
channel.rs:104:10
     |
 104 | pub enum 
StatusUpdate {
     |          
^^^^^^^^^^^^
...
 118 |     
JobStarted {
     |     
---------- not 
covered
...
 131 |     
AuthRequired {
     |     
------------ not 
covered
...
 138 |     
AuthCompleted {
     |     
------------- not 
covered
     = note: the 
matched value is of 
type `&channels::chan
nel::StatusUpdate`
help: ensure that 
all possible cases 
are being handled by 
adding a match arm 
with a wildcard 
pattern, a match arm 
with multiple 
or-patterns as 
shown, or multiple 
match arms
     |
1860 ~         },
1861 ~         &chann
els::channel::StatusU
pdate::JobStarted { 
.. } | &channels::cha
nnel::StatusUpdate::A
uthRequired { .. } | 
&channels::channel::S
tatusUpdate::AuthComp
leted { .. } => 
todo!(),
     |

Some errors have 
detailed 
explanations: E0004, 
E0063, E0277, E0282, 
E0422, E0425, E0432, 
E0433, E0599.
For more information 
about an error, try 
`rustc --explain 
E0004`.
warning: `ironclaw` 
(lib) generated 1 
warning
error: could not 
compile `ironclaw` 
(lib) due to 129 
previous errors; 1 
warning emitted
