cargo : src\bin\list_
memory_rust.rs:1:5: 
warning: unused 
import: 
`std::sync::Arc`
At line:1 char:1
+ cargo check 
--tests 
--all-targets 2> 
errors.txt; 
Get-Content errors.t 
...
+ ~~~~~~~~~~~~~~~~~~~
~~~~~~~~~~~~~~~~~~~~~
~~~~~~~
    + CategoryInfo   
           : NotSpe  
  cified: (src\bin   
 \list_me...std::    
sync::Arc`:Strin    
g) [], RemoteExc    
eption
    + FullyQualified 
   ErrorId : Native  
  CommandError
 
warning: `ironclaw` 
(bin 
"list_memory_rust") 
generated 1 warning 
(run `cargo fix 
--bin 
"list_memory_rust" 
-p ironclaw` to 
apply 1 suggestion)
warning: `ironclaw` 
(bin 
"list_memory_rust" 
test) generated 1 
warning (1 duplicate)
    Checking 
ironclaw v5.3.0 (C:\U
sers\x\Desktop\ironcl
aw-main)
error[E0560]: struct 
`GatewayState` has 
no field named 
`context_manager`
  --> tests\ws_gatewa
y_integration.rs:44:9
   |
44 |         
context_manager: 
None,
   |         
^^^^^^^^^^^^^^^ 
`GatewayState` does 
not have this field
   |
   = note: available 
fields are: `store`, 
`job_manager`, 
`prompt_queue`, 
`llm_provider`, 
`chat_rate_limiter`

For more information 
about this error, 
try `rustc --explain 
E0560`.
error: could not 
compile `ironclaw` 
(test "ws_gateway_int
egration") due to 1 
previous error
